🚀 Daily Research Bot gestartet...
📅 26.5.2026, 07:00:02

🔍 Sammle Daten von APIs...
✅ 20 News Artikel gefunden
✅ 10 Exa.ai Ergebnisse

📢 Generiere Broadcast...
Email sent: ce2a2439-36ff-43ae-9cb9-1f1ce9a96d2c
✅ Broadcast erstellt: /home/flycherry/github/vault-fast/Roadmap/Project Broadcasts/2026-05-26_Broadcast.md
📧 Email versendet: Ja

💾 Speichere in Obsidian...
✅ Research gespeichert: /home/flycherry/github/vault-fast/Research/Daily/2026-05-26_Research.md

✨ Daily Research abgeschlossen!
📁 Broadcast: /home/flycherry/github/vault-fast/Roadmap/Project Broadcasts/2026-05-26_Broadcast.md
📧 Email: Versendet ✓
🚀 Daily Research Bot gestartet...
📅 27.5.2026, 07:00:01

🔍 Sammle Daten von APIs...
✅ 19 News Artikel gefunden
✅ 10 Exa.ai Ergebnisse

📢 Generiere Broadcast...
Email sent: 419a05ed-dedc-4d8b-b324-bc1e0c784651
✅ Broadcast erstellt: /home/flycherry/github/vault-fast/Roadmap/Project Broadcasts/2026-05-27_Broadcast.md
📧 Email versendet: Ja

💾 Speichere in Obsidian...
✅ Research gespeichert: /home/flycherry/github/vault-fast/Research/Daily/2026-05-27_Research.md

✨ Daily Research abgeschlossen!
📁 Broadcast: /home/flycherry/github/vault-fast/Roadmap/Project Broadcasts/2026-05-27_Broadcast.md
📧 Email: Versendet ✓
🚀 Daily Research Bot gestartet...
📅 28.5.2026, 07:00:01

🔍 Sammle Daten von APIs...
✅ 18 News Artikel gefunden
✅ 10 Exa.ai Ergebnisse

📢 Generiere Broadcast...
Email sent: e9dcf4ec-ab65-43cc-9279-476fc5954378
✅ Broadcast erstellt: /home/flycherry/github/vault-fast/Roadmap/Project Broadcasts/2026-05-28_Broadcast.md
📧 Email versendet: Ja

💾 Speichere in Obsidian...
✅ Research gespeichert: /home/flycherry/github/vault-fast/Research/Daily/2026-05-28_Research.md

✨ Daily Research abgeschlossen!
📁 Broadcast: /home/flycherry/github/vault-fast/Roadmap/Project Broadcasts/2026-05-28_Broadcast.md
📧 Email: Versendet ✓
🚀 Daily Research Bot gestartet...
📅 29.5.2026, 07:00:01

🔍 Sammle Daten von APIs...
✅ 20 News Artikel gefunden
✅ 10 Exa.ai Ergebnisse

📢 Generiere Broadcast...
Email sent: 8ba9a7f0-b624-4e08-bee3-f3458c367625
✅ Broadcast erstellt: /home/flycherry/github/vault-fast/Roadmap/Project Broadcasts/2026-05-29_Broadcast.md
📧 Email versendet: Ja

💾 Speichere in Obsidian...
✅ Research gespeichert: /home/flycherry/github/vault-fast/Research/Daily/2026-05-29_Research.md

✨ Daily Research abgeschlossen!
📁 Broadcast: /home/flycherry/github/vault-fast/Roadmap/Project Broadcasts/2026-05-29_Broadcast.md
📧 Email: Versendet ✓
🚀 Daily Research Bot gestartet...
📅 30.5.2026, 07:00:01

🔍 Sammle Daten von APIs...
✅ 20 News Artikel gefunden
✅ 10 Exa.ai Ergebnisse

📢 Generiere Broadcast...
Email sent: 831afea5-a1a8-4f1c-8bc0-6ae1fd1f0869
✅ Broadcast erstellt: /home/flycherry/github/vault-fast/Roadmap/Project Broadcasts/2026-05-30_Broadcast.md
📧 Email versendet: Ja

💾 Speichere in Obsidian...
✅ Research gespeichert: /home/flycherry/github/vault-fast/Research/Daily/2026-05-30_Research.md

✨ Daily Research abgeschlossen!
📁 Broadcast: /home/flycherry/github/vault-fast/Roadmap/Project Broadcasts/2026-05-30_Broadcast.md
📧 Email: Versendet ✓
🚀 Daily Research Bot gestartet...
📅 31.5.2026, 07:00:01

🔍 Sammle Daten von APIs...
✅ 19 News Artikel gefunden
✅ 10 Exa.ai Ergebnisse

📢 Generiere Broadcast...
Email sent: aa5aa7ce-5ba6-4875-9f2e-0a54339623f2
✅ Broadcast erstellt: /home/flycherry/github/vault-fast/Roadmap/Project Broadcasts/2026-05-31_Broadcast.md
📧 Email versendet: Ja

💾 Speichere in Obsidian...
✅ Research gespeichert: /home/flycherry/github/vault-fast/Research/Daily/2026-05-31_Research.md

✨ Daily Research abgeschlossen!
📁 Broadcast: /home/flycherry/github/vault-fast/Roadmap/Project Broadcasts/2026-05-31_Broadcast.md
📧 Email: Versendet ✓
🚀 Daily Research Bot gestartet...
📅 1.6.2026, 07:00:01

🔍 Sammle Daten von APIs...
✅ 20 News Artikel gefunden
✅ 10 Exa.ai Ergebnisse

📢 Generiere Broadcast...
Email sent: ddb5c621-5547-402b-a3f5-d90ab645740e
✅ Broadcast erstellt: /home/flycherry/github/vault-fast/Roadmap/Project Broadcasts/2026-06-01_Broadcast.md
📧 Email versendet: Ja

💾 Speichere in Obsidian...
✅ Research gespeichert: /home/flycherry/github/vault-fast/Research/Daily/2026-06-01_Research.md

✨ Daily Research abgeschlossen!
📁 Broadcast: /home/flycherry/github/vault-fast/Roadmap/Project Broadcasts/2026-06-01_Broadcast.md
📧 Email: Versendet ✓
🚀 Daily Research Bot gestartet...
📅 2.6.2026, 07:00:01

🔍 Sammle Daten von APIs...
✅ 18 News Artikel gefunden
✅ 10 Exa.ai Ergebnisse

📢 Generiere Broadcast...
Email sent: 3f97df20-872f-4322-af7d-f1aa1751a52a
✅ Broadcast erstellt: /home/flycherry/github/vault-fast/Roadmap/Project Broadcasts/2026-06-02_Broadcast.md
📧 Email versendet: Ja

💾 Speichere in Obsidian...
✅ Research gespeichert: /home/flycherry/github/vault-fast/Research/Daily/2026-06-02_Research.md

✨ Daily Research abgeschlossen!
📁 Broadcast: /home/flycherry/github/vault-fast/Roadmap/Project Broadcasts/2026-06-02_Broadcast.md
📧 Email: Versendet ✓
🚀 Daily Research Bot gestartet...
📅 3.6.2026, 07:00:01

🔍 Sammle Daten von APIs...
✅ 20 News Artikel gefunden
✅ 10 Exa.ai Ergebnisse

📢 Generiere Broadcast...
Email sent: 027ce544-85ba-47b6-914e-3edf44994119
✅ Broadcast erstellt: /home/flycherry/github/vault-fast/Roadmap/Project Broadcasts/2026-06-03_Broadcast.md
📧 Email versendet: Ja

💾 Speichere in Obsidian...
✅ Research gespeichert: /home/flycherry/github/vault-fast/Research/Daily/2026-06-03_Research.md

✨ Daily Research abgeschlossen!
📁 Broadcast: /home/flycherry/github/vault-fast/Roadmap/Project Broadcasts/2026-06-03_Broadcast.md
📧 Email: Versendet ✓
🚀 Daily Research Bot gestartet...
📅 4.6.2026, 07:00:02

🔍 Sammle Daten von APIs...
✅ 20 News Artikel gefunden
✅ 10 Exa.ai Ergebnisse

📢 Generiere Broadcast...
Email sent: 4efee1c2-fcfd-4fe5-ab7d-f32917fb9fcd
✅ Broadcast erstellt: /home/flycherry/github/vault-fast/Roadmap/Project Broadcasts/2026-06-04_Broadcast.md
📧 Email versendet: Ja

💾 Speichere in Obsidian...
✅ Research gespeichert: /home/flycherry/github/vault-fast/Research/Daily/2026-06-04_Research.md

✨ Daily Research abgeschlossen!
📁 Broadcast: /home/flycherry/github/vault-fast/Roadmap/Project Broadcasts/2026-06-04_Broadcast.md
📧 Email: Versendet ✓
🚀 Daily Research Bot gestartet...
📅 5.6.2026, 07:00:01

🔍 Sammle Daten von APIs...
✅ 19 News Artikel gefunden
✅ 10 Exa.ai Ergebnisse

📢 Generiere Broadcast...
Email sent: d395af3d-7f6f-4e02-bf4b-508235959118
✅ Broadcast erstellt: /home/flycherry/github/vault-fast/Roadmap/Project Broadcasts/2026-06-05_Broadcast.md
📧 Email versendet: Ja

💾 Speichere in Obsidian...
✅ Research gespeichert: /home/flycherry/github/vault-fast/Research/Daily/2026-06-05_Research.md

✨ Daily Research abgeschlossen!
📁 Broadcast: /home/flycherry/github/vault-fast/Roadmap/Project Broadcasts/2026-06-05_Broadcast.md
📧 Email: Versendet ✓
🚀 Daily Research Bot gestartet...
📅 6.6.2026, 07:00:01

🔍 Sammle Daten von APIs...
✅ 20 News Artikel gefunden
✅ 10 Exa.ai Ergebnisse

📢 Generiere Broadcast...
Email sent: e2e7c5f6-1b37-4ec0-97b1-46430d74e4ee
✅ Broadcast erstellt: /home/flycherry/github/vault-fast/Roadmap/Project Broadcasts/2026-06-06_Broadcast.md
📧 Email versendet: Ja

💾 Speichere in Obsidian...
✅ Research gespeichert: /home/flycherry/github/vault-fast/Research/Daily/2026-06-06_Research.md

✨ Daily Research abgeschlossen!
📁 Broadcast: /home/flycherry/github/vault-fast/Roadmap/Project Broadcasts/2026-06-06_Broadcast.md
📧 Email: Versendet ✓
🚀 Daily Research Bot gestartet...
📅 7.6.2026, 07:00:01

🔍 Sammle Daten von APIs...
✅ 18 News Artikel gefunden
✅ 10 Exa.ai Ergebnisse

📢 Generiere Broadcast...
Email sent: 7f1a5e9f-880b-45f9-bda9-e0005388100b
✅ Broadcast erstellt: /home/flycherry/github/vault-fast/Roadmap/Project Broadcasts/2026-06-07_Broadcast.md
📧 Email versendet: Ja

💾 Speichere in Obsidian...
✅ Research gespeichert: /home/flycherry/github/vault-fast/Research/Daily/2026-06-07_Research.md

✨ Daily Research abgeschlossen!
📁 Broadcast: /home/flycherry/github/vault-fast/Roadmap/Project Broadcasts/2026-06-07_Broadcast.md
📧 Email: Versendet ✓
🚀 Daily Research Bot gestartet...
📅 8.6.2026, 07:00:01

🔍 Sammle Daten von APIs...
✅ 20 News Artikel gefunden
✅ 10 Exa.ai Ergebnisse

📢 Generiere Broadcast...
Email sent: af01bdd7-f44b-41c8-8570-a6c21d0564c5
✅ Broadcast erstellt: /home/flycherry/github/vault-fast/Roadmap/Project Broadcasts/2026-06-08_Broadcast.md
📧 Email versendet: Ja

💾 Speichere in Obsidian...
✅ Research gespeichert: /home/flycherry/github/vault-fast/Research/Daily/2026-06-08_Research.md

✨ Daily Research abgeschlossen!
📁 Broadcast: /home/flycherry/github/vault-fast/Roadmap/Project Broadcasts/2026-06-08_Broadcast.md
📧 Email: Versendet ✓
🚀 Daily Research Bot gestartet...
📅 9.6.2026, 07:00:01

🔍 Sammle Daten von APIs...
✅ 20 News Artikel gefunden
✅ 10 Exa.ai Ergebnisse

📢 Generiere Broadcast...
Email sent: 11183477-5f2f-4b5f-8455-cdabb6d84672
✅ Broadcast erstellt: /home/flycherry/github/vault-fast/Roadmap/Project Broadcasts/2026-06-09_Broadcast.md
📧 Email versendet: Ja

💾 Speichere in Obsidian...
✅ Research gespeichert: /home/flycherry/github/vault-fast/Research/Daily/2026-06-09_Research.md

✨ Daily Research abgeschlossen!
📁 Broadcast: /home/flycherry/github/vault-fast/Roadmap/Project Broadcasts/2026-06-09_Broadcast.md
📧 Email: Versendet ✓
🚀 Daily Research Bot gestartet...
📅 10.6.2026, 07:00:01

🔍 Sammle Daten von APIs...
✅ 19 News Artikel gefunden
✅ 10 Exa.ai Ergebnisse

📢 Generiere Broadcast...
Email sent: e1f47c7b-6add-46e9-a0c5-b9da21622d50
✅ Broadcast erstellt: /home/flycherry/github/vault-fast/Roadmap/Project Broadcasts/2026-06-10_Broadcast.md
📧 Email versendet: Ja

💾 Speichere in Obsidian...
✅ Research gespeichert: /home/flycherry/github/vault-fast/Research/Daily/2026-06-10_Research.md

✨ Daily Research abgeschlossen!
📁 Broadcast: /home/flycherry/github/vault-fast/Roadmap/Project Broadcasts/2026-06-10_Broadcast.md
📧 Email: Versendet ✓
🚀 Daily Research Bot gestartet...
📅 11.6.2026, 07:00:02

🔍 Sammle Daten von APIs...
✅ 19 News Artikel gefunden
✅ 10 Exa.ai Ergebnisse

📢 Generiere Broadcast...
Email sent: 554e63ae-f5ff-4179-88b3-e89aa2130aa8
✅ Broadcast erstellt: /home/flycherry/github/vault-fast/Roadmap/Project Broadcasts/2026-06-11_Broadcast.md
📧 Email versendet: Ja

💾 Speichere in Obsidian...
✅ Research gespeichert: /home/flycherry/github/vault-fast/Research/Daily/2026-06-11_Research.md

✨ Daily Research abgeschlossen!
📁 Broadcast: /home/flycherry/github/vault-fast/Roadmap/Project Broadcasts/2026-06-11_Broadcast.md
📧 Email: Versendet ✓
🚀 Daily Research Bot gestartet...
📅 12.6.2026, 07:00:01

🔍 Sammle Daten von APIs...
✅ 20 News Artikel gefunden
✅ 10 Exa.ai Ergebnisse

📢 Generiere Broadcast...
Email sent: 451106e1-3c44-46f2-880c-f9f0ffcfe549
✅ Broadcast erstellt: /home/flycherry/github/vault-fast/Roadmap/Project Broadcasts/2026-06-12_Broadcast.md
📧 Email versendet: Ja

💾 Speichere in Obsidian...
✅ Research gespeichert: /home/flycherry/github/vault-fast/Research/Daily/2026-06-12_Research.md

✨ Daily Research abgeschlossen!
📁 Broadcast: /home/flycherry/github/vault-fast/Roadmap/Project Broadcasts/2026-06-12_Broadcast.md
📧 Email: Versendet ✓
🚀 Daily Research Bot gestartet...
📅 13.6.2026, 07:00:01

🔍 Sammle Daten von APIs...
✅ 20 News Artikel gefunden
✅ 10 Exa.ai Ergebnisse

📢 Generiere Broadcast...
Email sent: a39e4a4e-1455-404a-bc73-d94af21cdfcd
✅ Broadcast erstellt: /home/flycherry/github/vault-fast/Roadmap/Project Broadcasts/2026-06-13_Broadcast.md
📧 Email versendet: Ja

💾 Speichere in Obsidian...
✅ Research gespeichert: /home/flycherry/github/vault-fast/Research/Daily/2026-06-13_Research.md

✨ Daily Research abgeschlossen!
📁 Broadcast: /home/flycherry/github/vault-fast/Roadmap/Project Broadcasts/2026-06-13_Broadcast.md
📧 Email: Versendet ✓
🚀 Daily Research Bot gestartet...
📅 14.6.2026, 07:00:01

🔍 Sammle Daten von APIs...
✅ 19 News Artikel gefunden
✅ 10 Exa.ai Ergebnisse

📢 Generiere Broadcast...
Email sent: aaf8455f-e090-43c0-a9e0-e68f68f26d0e
✅ Broadcast erstellt: /home/flycherry/github/vault-fast/Roadmap/Project Broadcasts/2026-06-14_Broadcast.md
📧 Email versendet: Ja

💾 Speichere in Obsidian...
✅ Research gespeichert: /home/flycherry/github/vault-fast/Research/Daily/2026-06-14_Research.md

✨ Daily Research abgeschlossen!
📁 Broadcast: /home/flycherry/github/vault-fast/Roadmap/Project Broadcasts/2026-06-14_Broadcast.md
📧 Email: Versendet ✓
🚀 Daily Research Bot gestartet...
📅 15.6.2026, 07:00:01

🔍 Sammle Daten von APIs...
✅ 19 News Artikel gefunden
✅ 10 Exa.ai Ergebnisse

📢 Generiere Broadcast...
Email sent: 2e127d36-2ab7-4921-bffd-1982ae1ecc9f
✅ Broadcast erstellt: /home/flycherry/github/vault-fast/Roadmap/Project Broadcasts/2026-06-15_Broadcast.md
📧 Email versendet: Ja

💾 Speichere in Obsidian...
✅ Research gespeichert: /home/flycherry/github/vault-fast/Research/Daily/2026-06-15_Research.md

✨ Daily Research abgeschlossen!
📁 Broadcast: /home/flycherry/github/vault-fast/Roadmap/Project Broadcasts/2026-06-15_Broadcast.md
📧 Email: Versendet ✓
🚀 Daily Research Bot gestartet...
📅 16.6.2026, 07:00:01

🔍 Sammle Daten von APIs...
✅ 20 News Artikel gefunden
✅ 10 Exa.ai Ergebnisse

📢 Generiere Broadcast...
Email sent: 3f545783-8734-4eb4-ad53-59518035db2f
✅ Broadcast erstellt: /home/flycherry/github/vault-fast/Roadmap/Project Broadcasts/2026-06-16_Broadcast.md
📧 Email versendet: Ja

💾 Speichere in Obsidian...
✅ Research gespeichert: /home/flycherry/github/vault-fast/Research/Daily/2026-06-16_Research.md

✨ Daily Research abgeschlossen!
📁 Broadcast: /home/flycherry/github/vault-fast/Roadmap/Project Broadcasts/2026-06-16_Broadcast.md
📧 Email: Versendet ✓
🚀 Daily Research Bot gestartet...
📅 17.6.2026, 07:00:02

🔍 Sammle Daten von APIs...
✅ 18 News Artikel gefunden
✅ 10 Exa.ai Ergebnisse

📢 Generiere Broadcast...
Email sent: 5ca62f63-3710-4101-ac78-cca4246cbf53
✅ Broadcast erstellt: /home/flycherry/github/vault-fast/Roadmap/Project Broadcasts/2026-06-17_Broadcast.md
📧 Email versendet: Ja

💾 Speichere in Obsidian...
✅ Research gespeichert: /home/flycherry/github/vault-fast/Research/Daily/2026-06-17_Research.md

✨ Daily Research abgeschlossen!
📁 Broadcast: /home/flycherry/github/vault-fast/Roadmap/Project Broadcasts/2026-06-17_Broadcast.md
📧 Email: Versendet ✓
🚀 Daily Research Bot gestartet...
📅 18.6.2026, 07:00:01

🔍 Sammle Daten von APIs...
✅ 20 News Artikel gefunden
✅ 10 Exa.ai Ergebnisse

📢 Generiere Broadcast...
Email sent: 16781596-3535-4e8a-83eb-a773d5043c0c
✅ Broadcast erstellt: /home/flycherry/github/vault-fast/Roadmap/Project Broadcasts/2026-06-18_Broadcast.md
📧 Email versendet: Ja

💾 Speichere in Obsidian...
✅ Research gespeichert: /home/flycherry/github/vault-fast/Research/Daily/2026-06-18_Research.md

✨ Daily Research abgeschlossen!
📁 Broadcast: /home/flycherry/github/vault-fast/Roadmap/Project Broadcasts/2026-06-18_Broadcast.md
📧 Email: Versendet ✓
🚀 Daily Research Bot gestartet...
📅 19.6.2026, 07:00:01

🔍 Sammle Daten von APIs...
✅ 19 News Artikel gefunden
✅ 10 Exa.ai Ergebnisse

📢 Generiere Broadcast...
Email sent: 388c3edc-2b89-4611-93ff-7a9fcb2cc0ec
✅ Broadcast erstellt: /home/flycherry/github/vault-fast/Roadmap/Project Broadcasts/2026-06-19_Broadcast.md
📧 Email versendet: Ja

💾 Speichere in Obsidian...
✅ Research gespeichert: /home/flycherry/github/vault-fast/Research/Daily/2026-06-19_Research.md

✨ Daily Research abgeschlossen!
📁 Broadcast: /home/flycherry/github/vault-fast/Roadmap/Project Broadcasts/2026-06-19_Broadcast.md
📧 Email: Versendet ✓
🚀 Daily Research Bot gestartet...
📅 20.6.2026, 07:00:02

🔍 Sammle Daten von APIs...
✅ 20 News Artikel gefunden
✅ 10 Exa.ai Ergebnisse

📢 Generiere Broadcast...
Email sent: 083c8262-90eb-44b5-ab30-c8e2a6ccfa06
✅ Broadcast erstellt: /home/flycherry/github/vault-fast/Roadmap/Project Broadcasts/2026-06-20_Broadcast.md
📧 Email versendet: Ja

💾 Speichere in Obsidian...
✅ Research gespeichert: /home/flycherry/github/vault-fast/Research/Daily/2026-06-20_Research.md

✨ Daily Research abgeschlossen!
📁 Broadcast: /home/flycherry/github/vault-fast/Roadmap/Project Broadcasts/2026-06-20_Broadcast.md
📧 Email: Versendet ✓
🚀 Daily Research Bot gestartet...
📅 21.6.2026, 07:00:02

🔍 Sammle Daten von APIs...
NewsAPI Fehler: fetch failed
Exa.ai Fehler: fetch failed
✅ 0 News Artikel gefunden
✅ 0 Exa.ai Ergebnisse

📢 Generiere Broadcast...
Email failed: TypeError: fetch failed
    at node:internal/deps/undici/undici:14976:13
    at process.processTicksAndRejections (node:internal/process/task_queues:103:5) {
  [cause]: Error: getaddrinfo EAI_AGAIN api.resend.com
      at GetAddrInfoReqWrap.onlookupall [as oncomplete] (node:dns:122:26) {
    errno: -3001,
    code: 'EAI_AGAIN',
    syscall: 'getaddrinfo',
    hostname: 'api.resend.com'
  }
}
✅ Broadcast erstellt: /home/flycherry/github/vault-fast/Roadmap/Project Broadcasts/2026-06-21_Broadcast.md
📧 Email versendet: Nein

💾 Speichere in Obsidian...
✅ Research gespeichert: /home/flycherry/github/vault-fast/Research/Daily/2026-06-21_Research.md

✨ Daily Research abgeschlossen!
📁 Broadcast: /home/flycherry/github/vault-fast/Roadmap/Project Broadcasts/2026-06-21_Broadcast.md
📧 Email: Fehlgeschlagen ✗
🚀 Daily Research Bot gestartet...
📅 22.6.2026, 07:00:01

🔍 Sammle Daten von APIs...
✅ 20 News Artikel gefunden
✅ 10 Exa.ai Ergebnisse

📢 Generiere Broadcast...
Email sent: 29fd3ee3-ccfe-471e-bfbf-3bcf07c2fd2d
✅ Broadcast erstellt: /home/flycherry/github/vault-fast/Roadmap/Project Broadcasts/2026-06-22_Broadcast.md
📧 Email versendet: Ja

💾 Speichere in Obsidian...
✅ Research gespeichert: /home/flycherry/github/vault-fast/Research/Daily/2026-06-22_Research.md

✨ Daily Research abgeschlossen!
📁 Broadcast: /home/flycherry/github/vault-fast/Roadmap/Project Broadcasts/2026-06-22_Broadcast.md
📧 Email: Versendet ✓
🚀 Daily Research Bot gestartet...
📅 23.6.2026, 07:00:01

🔍 Sammle Daten von APIs...
✅ 20 News Artikel gefunden
✅ 10 Exa.ai Ergebnisse

📢 Generiere Broadcast...
Email sent: 888800b9-74ba-4ead-afce-698e31197a90
✅ Broadcast erstellt: /home/flycherry/github/vault-fast/Roadmap/Project Broadcasts/2026-06-23_Broadcast.md
📧 Email versendet: Ja

💾 Speichere in Obsidian...
✅ Research gespeichert: /home/flycherry/github/vault-fast/Research/Daily/2026-06-23_Research.md

✨ Daily Research abgeschlossen!
📁 Broadcast: /home/flycherry/github/vault-fast/Roadmap/Project Broadcasts/2026-06-23_Broadcast.md
📧 Email: Versendet ✓
🚀 Daily Research Bot gestartet...
📅 24.6.2026, 07:00:01

🔍 Sammle Daten von APIs...
✅ 20 News Artikel gefunden
✅ 10 Exa.ai Ergebnisse

📢 Generiere Broadcast...
Email sent: b6d26144-26db-43f2-82fb-cc5227d3f9d4
✅ Broadcast erstellt: /home/flycherry/github/vault-fast/Roadmap/Project Broadcasts/2026-06-24_Broadcast.md
📧 Email versendet: Ja

💾 Speichere in Obsidian...
✅ Research gespeichert: /home/flycherry/github/vault-fast/Research/Daily/2026-06-24_Research.md

✨ Daily Research abgeschlossen!
📁 Broadcast: /home/flycherry/github/vault-fast/Roadmap/Project Broadcasts/2026-06-24_Broadcast.md
📧 Email: Versendet ✓
🚀 Daily Research Bot gestartet...
📅 25.6.2026, 07:00:01

🔍 Sammle Daten von APIs...
✅ 19 News Artikel gefunden
✅ 10 Exa.ai Ergebnisse

📢 Generiere Broadcast...
Email sent: 31011659-a4b3-453b-b798-9c44d087e284
✅ Broadcast erstellt: /home/flycherry/github/vault-fast/Roadmap/Project Broadcasts/2026-06-25_Broadcast.md
📧 Email versendet: Ja

💾 Speichere in Obsidian...
✅ Research gespeichert: /home/flycherry/github/vault-fast/Research/Daily/2026-06-25_Research.md

✨ Daily Research abgeschlossen!
📁 Broadcast: /home/flycherry/github/vault-fast/Roadmap/Project Broadcasts/2026-06-25_Broadcast.md
📧 Email: Versendet ✓
🚀 Daily Research Bot gestartet...
📅 26.6.2026, 07:00:01

🔍 Sammle Daten von APIs...
✅ 20 News Artikel gefunden
✅ 10 Exa.ai Ergebnisse

📢 Generiere Broadcast...
Email sent: 10144217-5687-4dd0-b5f6-d6964b44653d
✅ Broadcast erstellt: /home/flycherry/github/vault-fast/Roadmap/Project Broadcasts/2026-06-26_Broadcast.md
📧 Email versendet: Ja

💾 Speichere in Obsidian...
✅ Research gespeichert: /home/flycherry/github/vault-fast/Research/Daily/2026-06-26_Research.md

✨ Daily Research abgeschlossen!
📁 Broadcast: /home/flycherry/github/vault-fast/Roadmap/Project Broadcasts/2026-06-26_Broadcast.md
📧 Email: Versendet ✓
🚀 Daily Research Bot gestartet...
📅 27.6.2026, 07:00:01

🔍 Sammle Daten von APIs...
✅ 20 News Artikel gefunden
✅ 10 Exa.ai Ergebnisse

📢 Generiere Broadcast...
Email sent: ce8c9210-cce1-4f85-b0f5-3b16f0503cf1
✅ Broadcast erstellt: /home/flycherry/github/vault-fast/Roadmap/Project Broadcasts/2026-06-27_Broadcast.md
📧 Email versendet: Ja

💾 Speichere in Obsidian...
✅ Research gespeichert: /home/flycherry/github/vault-fast/Research/Daily/2026-06-27_Research.md

✨ Daily Research abgeschlossen!
📁 Broadcast: /home/flycherry/github/vault-fast/Roadmap/Project Broadcasts/2026-06-27_Broadcast.md
📧 Email: Versendet ✓
🚀 Daily Research Bot gestartet...
📅 28.6.2026, 07:00:01

🔍 Sammle Daten von APIs...
✅ 20 News Artikel gefunden
✅ 10 Exa.ai Ergebnisse

📢 Generiere Broadcast...
Email sent: cf0dacab-86d2-4047-a916-21958daf27ac
✅ Broadcast erstellt: /home/flycherry/github/vault-fast/Roadmap/Project Broadcasts/2026-06-28_Broadcast.md
📧 Email versendet: Ja

💾 Speichere in Obsidian...
✅ Research gespeichert: /home/flycherry/github/vault-fast/Research/Daily/2026-06-28_Research.md

✨ Daily Research abgeschlossen!
📁 Broadcast: /home/flycherry/github/vault-fast/Roadmap/Project Broadcasts/2026-06-28_Broadcast.md
📧 Email: Versendet ✓
🚀 Daily Research Bot gestartet...
📅 29.6.2026, 07:00:01

🔍 Sammle Daten von APIs...
✅ 19 News Artikel gefunden
✅ 10 Exa.ai Ergebnisse

📢 Generiere Broadcast...
Email sent: 7cc00b85-9f23-4500-a498-dac309b943a0
✅ Broadcast erstellt: /home/flycherry/github/vault-fast/Roadmap/Project Broadcasts/2026-06-29_Broadcast.md
📧 Email versendet: Ja

💾 Speichere in Obsidian...
✅ Research gespeichert: /home/flycherry/github/vault-fast/Research/Daily/2026-06-29_Research.md

✨ Daily Research abgeschlossen!
📁 Broadcast: /home/flycherry/github/vault-fast/Roadmap/Project Broadcasts/2026-06-29_Broadcast.md
📧 Email: Versendet ✓
🚀 Daily Research Bot gestartet...
📅 30.6.2026, 07:00:01

🔍 Sammle Daten von APIs...
✅ 19 News Artikel gefunden
✅ 10 Exa.ai Ergebnisse

📢 Generiere Broadcast...
Email sent: 4293d4ab-056e-4996-a29a-db50b8911c72
✅ Broadcast erstellt: /home/flycherry/github/vault-fast/Roadmap/Project Broadcasts/2026-06-30_Broadcast.md
📧 Email versendet: Ja

💾 Speichere in Obsidian...
✅ Research gespeichert: /home/flycherry/github/vault-fast/Research/Daily/2026-06-30_Research.md

✨ Daily Research abgeschlossen!
📁 Broadcast: /home/flycherry/github/vault-fast/Roadmap/Project Broadcasts/2026-06-30_Broadcast.md
📧 Email: Versendet ✓
🚀 Daily Research Bot gestartet...
📅 1.7.2026, 07:00:01

🔍 Sammle Daten von APIs...
✅ 16 News Artikel gefunden
✅ 10 Exa.ai Ergebnisse

📢 Generiere Broadcast...
Email sent: 44da810b-67d2-4ae3-bd5d-8da0908bc802
✅ Broadcast erstellt: /home/flycherry/github/vault-fast/Roadmap/Project Broadcasts/2026-07-01_Broadcast.md
📧 Email versendet: Ja

💾 Speichere in Obsidian...
✅ Research gespeichert: /home/flycherry/github/vault-fast/Research/Daily/2026-07-01_Research.md

✨ Daily Research abgeschlossen!
📁 Broadcast: /home/flycherry/github/vault-fast/Roadmap/Project Broadcasts/2026-07-01_Broadcast.md
📧 Email: Versendet ✓
🚀 Daily Research Bot gestartet...
📅 2.7.2026, 07:00:01

🔍 Sammle Daten von APIs...
✅ 20 News Artikel gefunden
✅ 10 Exa.ai Ergebnisse

📢 Generiere Broadcast...
Email sent: 3692d43c-7821-419a-8611-2da6c933bc6d
✅ Broadcast erstellt: /home/flycherry/github/vault-fast/Roadmap/Project Broadcasts/2026-07-02_Broadcast.md
📧 Email versendet: Ja

💾 Speichere in Obsidian...
✅ Research gespeichert: /home/flycherry/github/vault-fast/Research/Daily/2026-07-02_Research.md

✨ Daily Research abgeschlossen!
📁 Broadcast: /home/flycherry/github/vault-fast/Roadmap/Project Broadcasts/2026-07-02_Broadcast.md
📧 Email: Versendet ✓
🚀 Daily Research Bot gestartet...
📅 3.7.2026, 07:00:02

🔍 Sammle Daten von APIs...
✅ 19 News Artikel gefunden
✅ 10 Exa.ai Ergebnisse

📢 Generiere Broadcast...
Email sent: cd4dc9db-4e15-47a0-b3a8-68038e24e54c
✅ Broadcast erstellt: /home/flycherry/github/vault-fast/Roadmap/Project Broadcasts/2026-07-03_Broadcast.md
📧 Email versendet: Ja

💾 Speichere in Obsidian...
✅ Research gespeichert: /home/flycherry/github/vault-fast/Research/Daily/2026-07-03_Research.md

✨ Daily Research abgeschlossen!
📁 Broadcast: /home/flycherry/github/vault-fast/Roadmap/Project Broadcasts/2026-07-03_Broadcast.md
📧 Email: Versendet ✓
🚀 Daily Research Bot gestartet...
📅 4.7.2026, 07:00:01

🔍 Sammle Daten von APIs...
✅ 18 News Artikel gefunden
✅ 10 Exa.ai Ergebnisse

📢 Generiere Broadcast...
Email sent: f38462c9-06db-45d2-83c3-979205e3b789
✅ Broadcast erstellt: /home/flycherry/github/vault-fast/Roadmap/Project Broadcasts/2026-07-04_Broadcast.md
📧 Email versendet: Ja

💾 Speichere in Obsidian...
✅ Research gespeichert: /home/flycherry/github/vault-fast/Research/Daily/2026-07-04_Research.md

✨ Daily Research abgeschlossen!
📁 Broadcast: /home/flycherry/github/vault-fast/Roadmap/Project Broadcasts/2026-07-04_Broadcast.md
📧 Email: Versendet ✓
🚀 Daily Research Bot gestartet...
📅 5.7.2026, 07:00:01

🔍 Sammle Daten von APIs...
NewsAPI Fehler: fetch failed
Exa.ai Fehler: fetch failed
✅ 0 News Artikel gefunden
✅ 0 Exa.ai Ergebnisse

📢 Generiere Broadcast...
Email failed: TypeError: fetch failed
    at node:internal/deps/undici/undici:14976:13
    at process.processTicksAndRejections (node:internal/process/task_queues:103:5) {
  [cause]: Error: getaddrinfo EAI_AGAIN api.resend.com
      at GetAddrInfoReqWrap.onlookupall [as oncomplete] (node:dns:122:26) {
    errno: -3001,
    code: 'EAI_AGAIN',
    syscall: 'getaddrinfo',
    hostname: 'api.resend.com'
  }
}
✅ Broadcast erstellt: /home/flycherry/github/vault-fast/Roadmap/Project Broadcasts/2026-07-05_Broadcast.md
📧 Email versendet: Nein

💾 Speichere in Obsidian...
✅ Research gespeichert: /home/flycherry/github/vault-fast/Research/Daily/2026-07-05_Research.md

✨ Daily Research abgeschlossen!
📁 Broadcast: /home/flycherry/github/vault-fast/Roadmap/Project Broadcasts/2026-07-05_Broadcast.md
📧 Email: Fehlgeschlagen ✗
🚀 Daily Research Bot gestartet...
📅 6.7.2026, 07:00:02

🔍 Sammle Daten von APIs...
✅ 20 News Artikel gefunden
✅ 10 Exa.ai Ergebnisse

📢 Generiere Broadcast...
Email sent: 4cddf5d6-7cbc-452f-904f-d599abd89eca
✅ Broadcast erstellt: /home/flycherry/github/vault-fast/Roadmap/Project Broadcasts/2026-07-06_Broadcast.md
📧 Email versendet: Ja

💾 Speichere in Obsidian...
✅ Research gespeichert: /home/flycherry/github/vault-fast/Research/Daily/2026-07-06_Research.md

✨ Daily Research abgeschlossen!
📁 Broadcast: /home/flycherry/github/vault-fast/Roadmap/Project Broadcasts/2026-07-06_Broadcast.md
📧 Email: Versendet ✓
🚀 Daily Research Bot gestartet...
📅 7.7.2026, 07:00:01

🔍 Sammle Daten von APIs...
✅ 20 News Artikel gefunden
✅ 10 Exa.ai Ergebnisse

📢 Generiere Broadcast...
Email sent: ac106386-d4b2-4da1-9109-3a91401242e3
✅ Broadcast erstellt: /home/flycherry/github/vault-fast/Roadmap/Project Broadcasts/2026-07-07_Broadcast.md
📧 Email versendet: Ja

💾 Speichere in Obsidian...
✅ Research gespeichert: /home/flycherry/github/vault-fast/Research/Daily/2026-07-07_Research.md

✨ Daily Research abgeschlossen!
📁 Broadcast: /home/flycherry/github/vault-fast/Roadmap/Project Broadcasts/2026-07-07_Broadcast.md
📧 Email: Versendet ✓
🚀 Daily Research Bot gestartet...
📅 8.7.2026, 07:00:01

🔍 Sammle Daten von APIs...
✅ 20 News Artikel gefunden
✅ 10 Exa.ai Ergebnisse

📢 Generiere Broadcast...
Email sent: 69a94f11-b160-43e9-8198-6d51c3a66a44
✅ Broadcast erstellt: /home/flycherry/github/vault-fast/Roadmap/Project Broadcasts/2026-07-08_Broadcast.md
📧 Email versendet: Ja

💾 Speichere in Obsidian...
✅ Research gespeichert: /home/flycherry/github/vault-fast/Research/Daily/2026-07-08_Research.md

✨ Daily Research abgeschlossen!
📁 Broadcast: /home/flycherry/github/vault-fast/Roadmap/Project Broadcasts/2026-07-08_Broadcast.md
📧 Email: Versendet ✓
🚀 Daily Research Bot gestartet...
📅 9.7.2026, 07:00:01

🔍 Sammle Daten von APIs...
✅ 19 News Artikel gefunden
✅ 10 Exa.ai Ergebnisse

📢 Generiere Broadcast...
Email sent: 877b79e9-864a-429f-96a6-b5134b6a90cf
✅ Broadcast erstellt: /home/flycherry/github/vault-fast/Roadmap/Project Broadcasts/2026-07-09_Broadcast.md
📧 Email versendet: Ja

💾 Speichere in Obsidian...
✅ Research gespeichert: /home/flycherry/github/vault-fast/Research/Daily/2026-07-09_Research.md

✨ Daily Research abgeschlossen!
📁 Broadcast: /home/flycherry/github/vault-fast/Roadmap/Project Broadcasts/2026-07-09_Broadcast.md
📧 Email: Versendet ✓
🚀 Daily Research Bot gestartet...
📅 10.7.2026, 07:00:02

🔍 Sammle Daten von APIs...
✅ 18 News Artikel gefunden
✅ 10 Exa.ai Ergebnisse

📢 Generiere Broadcast...
Email sent: 151e9232-2884-472f-b023-a240c7fe3d7c
✅ Broadcast erstellt: /home/flycherry/github/vault-fast/Roadmap/Project Broadcasts/2026-07-10_Broadcast.md
📧 Email versendet: Ja

💾 Speichere in Obsidian...
✅ Research gespeichert: /home/flycherry/github/vault-fast/Research/Daily/2026-07-10_Research.md

✨ Daily Research abgeschlossen!
📁 Broadcast: /home/flycherry/github/vault-fast/Roadmap/Project Broadcasts/2026-07-10_Broadcast.md
📧 Email: Versendet ✓
🚀 Daily Research Bot gestartet...
📅 24.7.2026, 07:00:02

🔍 Sammle Daten von APIs...
✅ 20 News Artikel gefunden
✅ 10 Exa.ai Ergebnisse

📢 Generiere Broadcast...
Email sent: 27031ac6-3844-467e-9142-db27ec5e23da
✅ Broadcast erstellt: /home/flycherry/github/vault-fast/Roadmap/Project Broadcasts/2026-07-24_Broadcast.md
📧 Email versendet: Ja

💾 Speichere in Obsidian...
✅ Research gespeichert: /home/flycherry/github/vault-fast/Research/Daily/2026-07-24_Research.md

✨ Daily Research abgeschlossen!
📁 Broadcast: /home/flycherry/github/vault-fast/Roadmap/Project Broadcasts/2026-07-24_Broadcast.md
📧 Email: Versendet ✓
🚀 Daily Research Bot gestartet...
📅 25.7.2026, 07:00:01

🔍 Sammle Daten von APIs...
✅ 20 News Artikel gefunden
✅ 10 Exa.ai Ergebnisse

📢 Generiere Broadcast...
Email sent: 85bcc4d1-730f-4023-a199-b32fdbe996d6
✅ Broadcast erstellt: /home/flycherry/github/vault-fast/Roadmap/Project Broadcasts/2026-07-25_Broadcast.md
📧 Email versendet: Ja

💾 Speichere in Obsidian...
✅ Research gespeichert: /home/flycherry/github/vault-fast/Research/Daily/2026-07-25_Research.md

✨ Daily Research abgeschlossen!
📁 Broadcast: /home/flycherry/github/vault-fast/Roadmap/Project Broadcasts/2026-07-25_Broadcast.md
📧 Email: Versendet ✓
🚀 Daily Research Bot gestartet...
📅 26.7.2026, 07:00:01

🔍 Sammle Daten von APIs...
✅ 20 News Artikel gefunden
✅ 10 Exa.ai Ergebnisse

📢 Generiere Broadcast...
Email sent: 75a71a0f-c012-4c6c-9508-99a041b08c4b
✅ Broadcast erstellt: /home/flycherry/github/vault-fast/Roadmap/Project Broadcasts/2026-07-26_Broadcast.md
📧 Email versendet: Ja

💾 Speichere in Obsidian...
✅ Research gespeichert: /home/flycherry/github/vault-fast/Research/Daily/2026-07-26_Research.md

✨ Daily Research abgeschlossen!
📁 Broadcast: /home/flycherry/github/vault-fast/Roadmap/Project Broadcasts/2026-07-26_Broadcast.md
📧 Email: Versendet ✓
🚀 Daily Research Bot gestartet...
📅 27.7.2026, 07:00:01

🔍 Sammle Daten von APIs...
✅ 19 News Artikel gefunden
✅ 10 Exa.ai Ergebnisse

📢 Generiere Broadcast...
Email sent: dccc4da5-8c5e-49ca-981a-d0e8e07d6fa3
✅ Broadcast erstellt: /home/flycherry/github/vault-fast/Roadmap/Project Broadcasts/2026-07-27_Broadcast.md
📧 Email versendet: Ja

💾 Speichere in Obsidian...
✅ Research gespeichert: /home/flycherry/github/vault-fast/Research/Daily/2026-07-27_Research.md

✨ Daily Research abgeschlossen!
📁 Broadcast: /home/flycherry/github/vault-fast/Roadmap/Project Broadcasts/2026-07-27_Broadcast.md
📧 Email: Versendet ✓
🚀 Daily Research Bot gestartet...
📅 28.7.2026, 07:00:01

🔍 Sammle Daten von APIs...
✅ 18 News Artikel gefunden
✅ 10 Exa.ai Ergebnisse

📢 Generiere Broadcast...
Email sent: 875c1ac9-b4a8-4a34-91a0-ffb97e846ccd
✅ Broadcast erstellt: /home/flycherry/github/vault-fast/Roadmap/Project Broadcasts/2026-07-28_Broadcast.md
📧 Email versendet: Ja

💾 Speichere in Obsidian...
✅ Research gespeichert: /home/flycherry/github/vault-fast/Research/Daily/2026-07-28_Research.md

✨ Daily Research abgeschlossen!
📁 Broadcast: /home/flycherry/github/vault-fast/Roadmap/Project Broadcasts/2026-07-28_Broadcast.md
📧 Email: Versendet ✓
🚀 Daily Research Bot gestartet...
📅 29.7.2026, 07:00:01

🔍 Sammle Daten von APIs...
✅ 20 News Artikel gefunden
✅ 10 Exa.ai Ergebnisse

📢 Generiere Broadcast...
Email sent: aece39bb-6ffa-4836-874a-108d6fbeb5b8
✅ Broadcast erstellt: /home/flycherry/github/vault-fast/Roadmap/Project Broadcasts/2026-07-29_Broadcast.md
📧 Email versendet: Ja

💾 Speichere in Obsidian...
✅ Research gespeichert: /home/flycherry/github/vault-fast/Research/Daily/2026-07-29_Research.md

✨ Daily Research abgeschlossen!
📁 Broadcast: /home/flycherry/github/vault-fast/Roadmap/Project Broadcasts/2026-07-29_Broadcast.md
📧 Email: Versendet ✓
🚀 Daily Research Bot gestartet...
📅 30.7.2026, 07:00:01

🔍 Sammle Daten von APIs...
✅ 20 News Artikel gefunden
✅ 10 Exa.ai Ergebnisse

📢 Generiere Broadcast...
Email sent: 538e5702-8218-458e-b171-996c068f245d
✅ Broadcast erstellt: /home/flycherry/github/vault-fast/Roadmap/Project Broadcasts/2026-07-30_Broadcast.md
📧 Email versendet: Ja

💾 Speichere in Obsidian...
✅ Research gespeichert: /home/flycherry/github/vault-fast/Research/Daily/2026-07-30_Research.md

✨ Daily Research abgeschlossen!
📁 Broadcast: /home/flycherry/github/vault-fast/Roadmap/Project Broadcasts/2026-07-30_Broadcast.md
📧 Email: Versendet ✓
🚀 Daily Research Bot gestartet...
📅 31.7.2026, 07:00:01

🔍 Sammle Daten von APIs...
✅ 20 News Artikel gefunden
✅ 10 Exa.ai Ergebnisse

📢 Generiere Broadcast...
Email sent: afe2fc15-8456-4420-9e0a-c6d33042470c
✅ Broadcast erstellt: /home/flycherry/github/vault-fast/Roadmap/Project Broadcasts/2026-07-31_Broadcast.md
📧 Email versendet: Ja

💾 Speichere in Obsidian...
✅ Research gespeichert: /home/flycherry/github/vault-fast/Research/Daily/2026-07-31_Research.md

✨ Daily Research abgeschlossen!
📁 Broadcast: /home/flycherry/github/vault-fast/Roadmap/Project Broadcasts/2026-07-31_Broadcast.md
📧 Email: Versendet ✓
🚀 Daily Research Bot gestartet...
📅 1.8.2026, 07:00:01

🔍 Sammle Daten von APIs...
✅ 20 News Artikel gefunden
✅ 10 Exa.ai Ergebnisse

📢 Generiere Broadcast...
Email sent: afbcde2a-c3dd-4056-a5c7-621b5eddd99d
✅ Broadcast erstellt: /home/flycherry/github/vault-fast/Roadmap/Project Broadcasts/2026-08-01_Broadcast.md
📧 Email versendet: Ja

💾 Speichere in Obsidian...
✅ Research gespeichert: /home/flycherry/github/vault-fast/Research/Daily/2026-08-01_Research.md

✨ Daily Research abgeschlossen!
📁 Broadcast: /home/flycherry/github/vault-fast/Roadmap/Project Broadcasts/2026-08-01_Broadcast.md
📧 Email: Versendet ✓
🚀 Daily Research Bot gestartet...
📅 2.8.2026, 07:00:01

🔍 Sammle Daten von APIs...
✅ 20 News Artikel gefunden
✅ 10 Exa.ai Ergebnisse

📢 Generiere Broadcast...
Email sent: 51fd36ca-d693-4641-acaa-f5b75b6fe079
✅ Broadcast erstellt: /home/flycherry/github/vault-fast/Roadmap/Project Broadcasts/2026-08-02_Broadcast.md
📧 Email versendet: Ja

💾 Speichere in Obsidian...
✅ Research gespeichert: /home/flycherry/github/vault-fast/Research/Daily/2026-08-02_Research.md

✨ Daily Research abgeschlossen!
📁 Broadcast: /home/flycherry/github/vault-fast/Roadmap/Project Broadcasts/2026-08-02_Broadcast.md
📧 Email: Versendet ✓
🚀 Daily Research Bot gestartet...
📅 3.8.2026, 07:00:01

🔍 Sammle Daten von APIs...
Exa.ai Fehler: fetch failed
✅ 20 News Artikel gefunden
✅ 0 Exa.ai Ergebnisse

📢 Generiere Broadcast...
Email sent: a58f4a10-b9ca-4216-9c26-17a88af22576
✅ Broadcast erstellt: /home/flycherry/github/vault-fast/Roadmap/Project Broadcasts/2026-08-03_Broadcast.md
📧 Email versendet: Ja

💾 Speichere in Obsidian...
✅ Research gespeichert: /home/flycherry/github/vault-fast/Research/Daily/2026-08-03_Research.md

✨ Daily Research abgeschlossen!
📁 Broadcast: /home/flycherry/github/vault-fast/Roadmap/Project Broadcasts/2026-08-03_Broadcast.md
📧 Email: Versendet ✓
🚀 Daily Research Bot gestartet...
📅 4.8.2026, 07:00:02

🔍 Sammle Daten von APIs...
✅ 18 News Artikel gefunden
✅ 10 Exa.ai Ergebnisse

📢 Generiere Broadcast...
Email sent: 637a97ce-b837-4a0a-b2be-f5ac4b810d37
✅ Broadcast erstellt: /home/flycherry/github/vault-fast/Roadmap/Project Broadcasts/2026-08-04_Broadcast.md
📧 Email versendet: Ja

💾 Speichere in Obsidian...
✅ Research gespeichert: /home/flycherry/github/vault-fast/Research/Daily/2026-08-04_Research.md

✨ Daily Research abgeschlossen!
📁 Broadcast: /home/flycherry/github/vault-fast/Roadmap/Project Broadcasts/2026-08-04_Broadcast.md
📧 Email: Versendet ✓
🚀 Daily Research Bot gestartet...
📅 5.8.2026, 07:00:01

🔍 Sammle Daten von APIs...
✅ 18 News Artikel gefunden
✅ 10 Exa.ai Ergebnisse

📢 Generiere Broadcast...
Email sent: 9d934a0e-7c8c-4e3d-9ac8-49551a57c57d
✅ Broadcast erstellt: /home/flycherry/github/vault-fast/Roadmap/Project Broadcasts/2026-08-05_Broadcast.md
📧 Email versendet: Ja

💾 Speichere in Obsidian...
✅ Research gespeichert: /home/flycherry/github/vault-fast/Research/Daily/2026-08-05_Research.md

✨ Daily Research abgeschlossen!
📁 Broadcast: /home/flycherry/github/vault-fast/Roadmap/Project Broadcasts/2026-08-05_Broadcast.md
📧 Email: Versendet ✓
🚀 Daily Research Bot gestartet...
📅 8.8.2026, 07:00:02

🔍 Sammle Daten von APIs...
✅ 20 News Artikel gefunden
✅ 10 Exa.ai Ergebnisse

📢 Generiere Broadcast...
Email sent: 9f6912ee-4e25-4024-87f0-4f3ea0bcfe10
✅ Broadcast erstellt: /home/flycherry/github/vault-fast/Roadmap/Project Broadcasts/2026-08-08_Broadcast.md
📧 Email versendet: Ja

💾 Speichere in Obsidian...
✅ Research gespeichert: /home/flycherry/github/vault-fast/Research/Daily/2026-08-08_Research.md

✨ Daily Research abgeschlossen!
📁 Broadcast: /home/flycherry/github/vault-fast/Roadmap/Project Broadcasts/2026-08-08_Broadcast.md
📧 Email: Versendet ✓
🚀 Daily Research Bot gestartet...
📅 9.8.2026, 07:00:02

🔍 Sammle Daten von APIs...
✅ 20 News Artikel gefunden
✅ 10 Exa.ai Ergebnisse

📢 Generiere Broadcast...
❌ Fehler: Cannot read properties of null (reading 'toLowerCase')
🚀 Daily Research Bot gestartet...
📅 10.8.2026, 07:00:02

🔍 Sammle Daten von APIs...
✅ 20 News Artikel gefunden
✅ 10 Exa.ai Ergebnisse

📢 Generiere Broadcast...
Email failed: TypeError: fetch failed
    at node:internal/deps/undici/undici:14976:13
    at process.processTicksAndRejections (node:internal/process/task_queues:103:5) {
  [cause]: AggregateError [ETIMEDOUT]: 
      at internalConnectMultiple (node:net:1134:18)
      at afterConnectMultiple (node:net:1715:7) {
    code: 'ETIMEDOUT',
    [errors]: [ [Error], [Error], [Error], [Error] ]
  }
}
✅ Broadcast erstellt: /home/flycherry/github/vault-fast/Roadmap/Project Broadcasts/2026-08-10_Broadcast.md
📧 Email versendet: Nein

💾 Speichere in Obsidian...
✅ Research gespeichert: /home/flycherry/github/vault-fast/Research/Daily/2026-08-10_Research.md

✨ Daily Research abgeschlossen!
📁 Broadcast: /home/flycherry/github/vault-fast/Roadmap/Project Broadcasts/2026-08-10_Broadcast.md
📧 Email: Fehlgeschlagen ✗
🚀 Daily Research Bot gestartet...
📅 11.8.2026, 07:00:02

🔍 Sammle Daten von APIs...
✅ 17 News Artikel gefunden
✅ 10 Exa.ai Ergebnisse

📢 Generiere Broadcast...
Email sent: fbd90b3b-4d42-4c95-8004-4c58eab73ee0
✅ Broadcast erstellt: /home/flycherry/github/vault-fast/Roadmap/Project Broadcasts/2026-08-11_Broadcast.md
📧 Email versendet: Ja

💾 Speichere in Obsidian...
✅ Research gespeichert: /home/flycherry/github/vault-fast/Research/Daily/2026-08-11_Research.md

✨ Daily Research abgeschlossen!
📁 Broadcast: /home/flycherry/github/vault-fast/Roadmap/Project Broadcasts/2026-08-11_Broadcast.md
📧 Email: Versendet ✓
🚀 Daily Research Bot gestartet...
📅 12.8.2026, 07:00:01

🔍 Sammle Daten von APIs...
✅ 20 News Artikel gefunden
✅ 10 Exa.ai Ergebnisse

📢 Generiere Broadcast...
Email sent: 447eda0a-83e0-4924-b3d0-b4473a6a10c0
✅ Broadcast erstellt: /home/flycherry/github/vault-fast/Roadmap/Project Broadcasts/2026-08-12_Broadcast.md
📧 Email versendet: Ja

💾 Speichere in Obsidian...
✅ Research gespeichert: /home/flycherry/github/vault-fast/Research/Daily/2026-08-12_Research.md

✨ Daily Research abgeschlossen!
📁 Broadcast: /home/flycherry/github/vault-fast/Roadmap/Project Broadcasts/2026-08-12_Broadcast.md
📧 Email: Versendet ✓
🚀 Daily Research Bot gestartet...
📅 13.8.2026, 07:00:01

🔍 Sammle Daten von APIs...
✅ 19 News Artikel gefunden
✅ 10 Exa.ai Ergebnisse

📢 Generiere Broadcast...
Email failed: TypeError: fetch failed
    at node:internal/deps/undici/undici:14976:13
    at process.processTicksAndRejections (node:internal/process/task_queues:103:5) {
  [cause]: AggregateError [ETIMEDOUT]: 
      at internalConnectMultiple (node:net:1134:18)
      at afterConnectMultiple (node:net:1715:7) {
    code: 'ETIMEDOUT',
    [errors]: [ [Error], [Error], [Error], [Error] ]
  }
}
✅ Broadcast erstellt: /home/flycherry/github/vault-fast/Roadmap/Project Broadcasts/2026-08-13_Broadcast.md
📧 Email versendet: Nein

💾 Speichere in Obsidian...
✅ Research gespeichert: /home/flycherry/github/vault-fast/Research/Daily/2026-08-13_Research.md

✨ Daily Research abgeschlossen!
📁 Broadcast: /home/flycherry/github/vault-fast/Roadmap/Project Broadcasts/2026-08-13_Broadcast.md
📧 Email: Fehlgeschlagen ✗
🚀 Daily Research Bot gestartet...
📅 14.8.2026, 07:00:01

🔍 Sammle Daten von APIs...
✅ 20 News Artikel gefunden
✅ 10 Exa.ai Ergebnisse

📢 Generiere Broadcast...
Email sent: 4dcb6831-dcec-4f62-840d-1948fda00c11
✅ Broadcast erstellt: /home/flycherry/github/vault-fast/Roadmap/Project Broadcasts/2026-08-14_Broadcast.md
📧 Email versendet: Ja

💾 Speichere in Obsidian...
✅ Research gespeichert: /home/flycherry/github/vault-fast/Research/Daily/2026-08-14_Research.md

✨ Daily Research abgeschlossen!
📁 Broadcast: /home/flycherry/github/vault-fast/Roadmap/Project Broadcasts/2026-08-14_Broadcast.md
📧 Email: Versendet ✓
🚀 Daily Research Bot gestartet...
📅 15.8.2026, 07:00:01

🔍 Sammle Daten von APIs...
✅ 20 News Artikel gefunden
✅ 10 Exa.ai Ergebnisse

📢 Generiere Broadcast...
Email sent: 78d5cc73-2476-4edc-97f5-bd9a9a4749fb
✅ Broadcast erstellt: /home/flycherry/github/vault-fast/Roadmap/Project Broadcasts/2026-08-15_Broadcast.md
📧 Email versendet: Ja

💾 Speichere in Obsidian...
✅ Research gespeichert: /home/flycherry/github/vault-fast/Research/Daily/2026-08-15_Research.md

✨ Daily Research abgeschlossen!
📁 Broadcast: /home/flycherry/github/vault-fast/Roadmap/Project Broadcasts/2026-08-15_Broadcast.md
📧 Email: Versendet ✓
🚀 Daily Research Bot gestartet...
📅 16.8.2026, 07:00:01

🔍 Sammle Daten von APIs...
✅ 19 News Artikel gefunden
✅ 10 Exa.ai Ergebnisse

📢 Generiere Broadcast...
Email sent: 32aa6d51-5c5a-400a-b957-ac1d2f7d09e8
✅ Broadcast erstellt: /home/flycherry/github/vault-fast/Roadmap/Project Broadcasts/2026-08-16_Broadcast.md
📧 Email versendet: Ja

💾 Speichere in Obsidian...
✅ Research gespeichert: /home/flycherry/github/vault-fast/Research/Daily/2026-08-16_Research.md

✨ Daily Research abgeschlossen!
📁 Broadcast: /home/flycherry/github/vault-fast/Roadmap/Project Broadcasts/2026-08-16_Broadcast.md
📧 Email: Versendet ✓
🚀 Daily Research Bot gestartet...
📅 17.8.2026, 07:00:01

🔍 Sammle Daten von APIs...
✅ 20 News Artikel gefunden
✅ 10 Exa.ai Ergebnisse

📢 Generiere Broadcast...
Email sent: f9f1c4ac-3192-480b-a2e9-4c22f6f61a63
✅ Broadcast erstellt: /home/flycherry/github/vault-fast/Roadmap/Project Broadcasts/2026-08-17_Broadcast.md
📧 Email versendet: Ja

💾 Speichere in Obsidian...
✅ Research gespeichert: /home/flycherry/github/vault-fast/Research/Daily/2026-08-17_Research.md

✨ Daily Research abgeschlossen!
📁 Broadcast: /home/flycherry/github/vault-fast/Roadmap/Project Broadcasts/2026-08-17_Broadcast.md
📧 Email: Versendet ✓
🚀 Daily Research Bot gestartet...
📅 18.8.2026, 07:00:01

🔍 Sammle Daten von APIs...
✅ 17 News Artikel gefunden
✅ 10 Exa.ai Ergebnisse

📢 Generiere Broadcast...
Email sent: 5058d72b-f964-45ad-b1c7-192edb090dbf
✅ Broadcast erstellt: /home/flycherry/github/vault-fast/Roadmap/Project Broadcasts/2026-08-18_Broadcast.md
📧 Email versendet: Ja

💾 Speichere in Obsidian...
✅ Research gespeichert: /home/flycherry/github/vault-fast/Research/Daily/2026-08-18_Research.md

✨ Daily Research abgeschlossen!
📁 Broadcast: /home/flycherry/github/vault-fast/Roadmap/Project Broadcasts/2026-08-18_Broadcast.md
📧 Email: Versendet ✓
🚀 Daily Research Bot gestartet...
📅 19.8.2026, 07:00:01

🔍 Sammle Daten von APIs...
✅ 20 News Artikel gefunden
✅ 10 Exa.ai Ergebnisse

📢 Generiere Broadcast...
Email sent: fc1da29b-bc4a-4adb-b9e8-8ceb85a4aaa1
✅ Broadcast erstellt: /home/flycherry/github/vault-fast/Roadmap/Project Broadcasts/2026-08-19_Broadcast.md
📧 Email versendet: Ja

💾 Speichere in Obsidian...
✅ Research gespeichert: /home/flycherry/github/vault-fast/Research/Daily/2026-08-19_Research.md

✨ Daily Research abgeschlossen!
📁 Broadcast: /home/flycherry/github/vault-fast/Roadmap/Project Broadcasts/2026-08-19_Broadcast.md
📧 Email: Versendet ✓
🚀 Daily Research Bot gestartet...
📅 20.8.2026, 07:00:02

🔍 Sammle Daten von APIs...
✅ 19 News Artikel gefunden
✅ 10 Exa.ai Ergebnisse

📢 Generiere Broadcast...
Email sent: 206829de-73cf-4624-81f2-a455f4c0232e
✅ Broadcast erstellt: /home/flycherry/github/vault-fast/Roadmap/Project Broadcasts/2026-08-20_Broadcast.md
📧 Email versendet: Ja

💾 Speichere in Obsidian...
✅ Research gespeichert: /home/flycherry/github/vault-fast/Research/Daily/2026-08-20_Research.md

✨ Daily Research abgeschlossen!
📁 Broadcast: /home/flycherry/github/vault-fast/Roadmap/Project Broadcasts/2026-08-20_Broadcast.md
📧 Email: Versendet ✓
